(python313_venv) C:\GitHub\openvino-litert-test>litert-lm run ^
More? --from-huggingface-repo=litert-community/gemma-4-E2B-it-litert-lm gemma-4-E2B-it.litertlm ^
More? --backend=gpu ^
More? --enable-speculative-decoding=true ^
More? --prompt="describe and translate the picture" ^
More? --attachment "./sample/image_cs.jpg" ^
More? --vision-backend=gpu
Downloading gemma-4-E2B-it.litertlm from litert-community/gemma-4-E2B-it-litert-lm...
This is a photograph of a **traffic sign** in a language other than English.

Here is a detailed description and translation:

### Description of the Image

The image features a rectangular, white sign with a black border, typical of regulatory or informational road signs. The sign has text and a graphic symbol in the center.

**Text on the sign (in Czech):**
1.  **Top:** PĚŠÍ ZÓNA
2.  **Middle (below the graphic):** ZÁSOBOVÁNÍ
3.  **Bottom:** IZS, CBS V ZÁSAHU
4.  **Bottom line:** 0 - 24 h

**Graphic Symbol:**
The central graphic is a blue circle containing a silhouette of a person (likely an adult) holding the hand of a child. This symbol is universally recognized to indicate a pedestrian area.

**Context:**
The sign is mounted outdoors, likely on a pole, and the background shows some greenery and buildings, suggesting an urban or suburban setting.

### Translation

Here is the translation of the text from Czech into English:

*   **PĚŠÍ ZÓNA:** Pedestrian Zone (or Pedestrian Area)
*   **ZÁSOBOVÁNÍ:** (This word is slightly less common in this context, but it relates to "supply" or "provision." In the context of a pedestrian zone, it might be part of a specific local regulation, but the main meaning is "Pedestrian Zone.")
*   **IZS, CBS V ZÁSAHU:** This is likely an abbreviation or specific local reference. Without further context, it's hard to translate precisely, but it points to specific authorities or regulations ("IZS, CBS" might be acronyms for local departments or rules).
*   **0 - 24 h:** 0 - 24 hours (indicating the zone is active 24/7)

### Overall Meaning

The sign is a **Pedestrian Zone** sign, indicating an area where walking is prioritized, and it specifies the operating hours or the rules governing that zone.

(python313_venv) C:\GitHub\openvino-litert-test>
(python313_venv) C:\GitHub\openvino-litert-test>
(python313_venv) C:\GitHub\openvino-litert-test>
(python313_venv) C:\GitHub\openvino-litert-test>