(python313_venv) c:\GitHub\openvino-litert-test>python --version
Python 3.13.13

(python313_venv) c:\GitHub\openvino-litert-test>python -m pip install --upgrade pip
Requirement already satisfied: pip in C:\Python\python313_venv\Lib\site-packages (26.1.1)

(python313_venv) c:\GitHub\openvino-litert-test>python -m pip list
Package Version
------- -------
pip     26.1.1

(python313_venv) c:\GitHub\openvino-litert-test>
(python313_venv) c:\GitHub\openvino-litert-test>
(python313_venv) c:\GitHub\openvino-litert-test>pip install --upgrade litert-lm
Collecting litert-lm
  Using cached litert_lm-0.12.0-py3-none-any.whl.metadata (926 bytes)
Collecting litert-lm-api==0.12.0 (from litert-lm)
  Using cached litert_lm_api-0.12.0-py3-none-win_amd64.whl.metadata (883 bytes)
Collecting litert-lm-builder==0.12.0 (from litert-lm)
  Using cached litert_lm_builder-0.12.0-py3-none-any.whl.metadata (4.2 kB)
Collecting click (from litert-lm)
  Using cached click-8.4.1-py3-none-any.whl.metadata (2.6 kB)
Collecting huggingface_hub (from litert-lm)
  Downloading huggingface_hub-1.17.0-py3-none-any.whl.metadata (14 kB)
Collecting prompt_toolkit (from litert-lm)
  Using cached prompt_toolkit-3.0.52-py3-none-any.whl.metadata (6.4 kB)
Collecting protobuf (from litert-lm-builder==0.12.0->litert-lm)
  Using cached protobuf-7.35.0-cp310-abi3-win_amd64.whl.metadata (595 bytes)
Collecting flatbuffers (from litert-lm-builder==0.12.0->litert-lm)
  Using cached flatbuffers-25.12.19-py2.py3-none-any.whl.metadata (1.0 kB)
Collecting absl-py (from litert-lm-builder==0.12.0->litert-lm)
  Using cached absl_py-2.4.0-py3-none-any.whl.metadata (3.3 kB)
Collecting tomli (from litert-lm-builder==0.12.0->litert-lm)
  Using cached tomli-2.4.1-cp313-cp313-win_amd64.whl.metadata (10 kB)
Collecting colorama (from click->litert-lm)
  Using cached colorama-0.4.6-py2.py3-none-any.whl.metadata (17 kB)
Collecting filelock>=3.10.0 (from huggingface_hub->litert-lm)
  Using cached filelock-3.29.0-py3-none-any.whl.metadata (2.0 kB)
Collecting fsspec>=2023.5.0 (from huggingface_hub->litert-lm)
  Using cached fsspec-2026.4.0-py3-none-any.whl.metadata (10 kB)
Collecting hf-xet<2.0.0,>=1.4.3 (from huggingface_hub->litert-lm)
  Using cached hf_xet-1.5.0-cp37-abi3-win_amd64.whl.metadata (4.9 kB)
Collecting httpx<1,>=0.23.0 (from huggingface_hub->litert-lm)
  Using cached httpx-0.28.1-py3-none-any.whl.metadata (7.1 kB)
Collecting packaging>=20.9 (from huggingface_hub->litert-lm)
  Using cached packaging-26.2-py3-none-any.whl.metadata (3.5 kB)
Collecting pyyaml>=5.1 (from huggingface_hub->litert-lm)
  Using cached pyyaml-6.0.3-cp313-cp313-win_amd64.whl.metadata (2.4 kB)
Collecting tqdm>=4.42.1 (from huggingface_hub->litert-lm)
  Using cached tqdm-4.67.3-py3-none-any.whl.metadata (57 kB)
Collecting typer<0.26.0,>=0.20.0 (from huggingface_hub->litert-lm)
  Using cached typer-0.25.1-py3-none-any.whl.metadata (15 kB)
Collecting typing-extensions>=4.1.0 (from huggingface_hub->litert-lm)
  Using cached typing_extensions-4.15.0-py3-none-any.whl.metadata (3.3 kB)
Collecting anyio (from httpx<1,>=0.23.0->huggingface_hub->litert-lm)
  Using cached anyio-4.13.0-py3-none-any.whl.metadata (4.5 kB)
Collecting certifi (from httpx<1,>=0.23.0->huggingface_hub->litert-lm)
  Using cached certifi-2026.5.20-py3-none-any.whl.metadata (2.5 kB)
Collecting httpcore==1.* (from httpx<1,>=0.23.0->huggingface_hub->litert-lm)
  Using cached httpcore-1.0.9-py3-none-any.whl.metadata (21 kB)
Collecting idna (from httpx<1,>=0.23.0->huggingface_hub->litert-lm)
  Downloading idna-3.17-py3-none-any.whl.metadata (6.4 kB)
Collecting h11>=0.16 (from httpcore==1.*->httpx<1,>=0.23.0->huggingface_hub->litert-lm)
  Using cached h11-0.16.0-py3-none-any.whl.metadata (8.3 kB)
Collecting shellingham>=1.3.0 (from typer<0.26.0,>=0.20.0->huggingface_hub->litert-lm)
  Using cached shellingham-1.5.4-py2.py3-none-any.whl.metadata (3.5 kB)
Collecting rich>=13.8.0 (from typer<0.26.0,>=0.20.0->huggingface_hub->litert-lm)
  Using cached rich-15.0.0-py3-none-any.whl.metadata (18 kB)
Collecting annotated-doc>=0.0.2 (from typer<0.26.0,>=0.20.0->huggingface_hub->litert-lm)
  Using cached annotated_doc-0.0.4-py3-none-any.whl.metadata (6.6 kB)
Collecting markdown-it-py>=2.2.0 (from rich>=13.8.0->typer<0.26.0,>=0.20.0->huggingface_hub->litert-lm)
  Using cached markdown_it_py-4.2.0-py3-none-any.whl.metadata (7.4 kB)
Collecting pygments<3.0.0,>=2.13.0 (from rich>=13.8.0->typer<0.26.0,>=0.20.0->huggingface_hub->litert-lm)
  Using cached pygments-2.20.0-py3-none-any.whl.metadata (2.5 kB)
Collecting mdurl~=0.1 (from markdown-it-py>=2.2.0->rich>=13.8.0->typer<0.26.0,>=0.20.0->huggingface_hub->litert-lm)
  Using cached mdurl-0.1.2-py3-none-any.whl.metadata (1.6 kB)
Collecting wcwidth (from prompt_toolkit->litert-lm)
  Using cached wcwidth-0.7.0-py3-none-any.whl.metadata (36 kB)
Using cached litert_lm-0.12.0-py3-none-any.whl (49 kB)
Using cached litert_lm_api-0.12.0-py3-none-win_amd64.whl (26.0 MB)
Using cached litert_lm_builder-0.12.0-py3-none-any.whl (48 kB)
Using cached absl_py-2.4.0-py3-none-any.whl (135 kB)
Using cached click-8.4.1-py3-none-any.whl (116 kB)
Using cached colorama-0.4.6-py2.py3-none-any.whl (25 kB)
Using cached flatbuffers-25.12.19-py2.py3-none-any.whl (26 kB)
Downloading huggingface_hub-1.17.0-py3-none-any.whl (671 kB)
   ━━━━━━━━━━━━━━━━━━━━━━━━━━━━━━━━━━━━━━━━ 671.5/671.5 kB 4.0 MB/s  0:00:00
Using cached hf_xet-1.5.0-cp37-abi3-win_amd64.whl (4.0 MB)
Using cached httpx-0.28.1-py3-none-any.whl (73 kB)
Using cached httpcore-1.0.9-py3-none-any.whl (78 kB)
Using cached typer-0.25.1-py3-none-any.whl (58 kB)
Using cached annotated_doc-0.0.4-py3-none-any.whl (5.3 kB)
Using cached filelock-3.29.0-py3-none-any.whl (39 kB)
Using cached fsspec-2026.4.0-py3-none-any.whl (203 kB)
Using cached h11-0.16.0-py3-none-any.whl (37 kB)
Using cached packaging-26.2-py3-none-any.whl (100 kB)
Using cached pyyaml-6.0.3-cp313-cp313-win_amd64.whl (154 kB)
Using cached rich-15.0.0-py3-none-any.whl (310 kB)
Using cached pygments-2.20.0-py3-none-any.whl (1.2 MB)
Using cached markdown_it_py-4.2.0-py3-none-any.whl (91 kB)
Using cached mdurl-0.1.2-py3-none-any.whl (10.0 kB)
Using cached shellingham-1.5.4-py2.py3-none-any.whl (9.8 kB)
Using cached tqdm-4.67.3-py3-none-any.whl (78 kB)
Using cached typing_extensions-4.15.0-py3-none-any.whl (44 kB)
Using cached anyio-4.13.0-py3-none-any.whl (114 kB)
Downloading idna-3.17-py3-none-any.whl (65 kB)
Using cached certifi-2026.5.20-py3-none-any.whl (134 kB)
Using cached prompt_toolkit-3.0.52-py3-none-any.whl (391 kB)
Using cached protobuf-7.35.0-cp310-abi3-win_amd64.whl (439 kB)
Using cached tomli-2.4.1-cp313-cp313-win_amd64.whl (108 kB)
Using cached wcwidth-0.7.0-py3-none-any.whl (110 kB)
Installing collected packages: litert-lm-api, flatbuffers, wcwidth, typing-extensions, tomli, shellingham, pyyaml, pygments, protobuf, packaging, mdurl, idna, hf-xet, h11, fsspec, filelock, colorama, certifi, annotated-doc, absl-py, tqdm, prompt_toolkit, markdown-it-py, litert-lm-builder, httpcore, click, anyio, rich, httpx, typer, huggingface_hub, litert-lm
Successfully installed absl-py-2.4.0 annotated-doc-0.0.4 anyio-4.13.0 certifi-2026.5.20 click-8.4.1 colorama-0.4.6 filelock-3.29.0 flatbuffers-25.12.19 fsspec-2026.4.0 h11-0.16.0 hf-xet-1.5.0 httpcore-1.0.9 httpx-0.28.1 huggingface_hub-1.17.0 idna-3.17 litert-lm-0.12.0 litert-lm-api-0.12.0 litert-lm-builder-0.12.0 markdown-it-py-4.2.0 mdurl-0.1.2 packaging-26.2 prompt_toolkit-3.0.52 protobuf-7.35.0 pygments-2.20.0 pyyaml-6.0.3 rich-15.0.0 shellingham-1.5.4 tomli-2.4.1 tqdm-4.67.3 typer-0.25.1 typing-extensions-4.15.0 wcwidth-0.7.0

(python313_venv) c:\GitHub\openvino-litert-test>
(python313_venv) c:\GitHub\openvino-litert-test>
(python313_venv) c:\GitHub\openvino-litert-test>
(python313_venv) c:\GitHub\openvino-litert-test>
(python313_venv) c:\GitHub\openvino-litert-test>pip install --upgrade openvino
Collecting openvino
  Downloading openvino-2026.2.0-21903-cp313-cp313-win_amd64.whl.metadata (12 kB)
Collecting numpy<2.5.0,>=1.16.6 (from openvino)
  Using cached numpy-2.4.6-cp313-cp313-win_amd64.whl.metadata (6.6 kB)
Collecting openvino-telemetry>=2023.2.1 (from openvino)
  Using cached openvino_telemetry-2025.2.0-py3-none-any.whl.metadata (2.3 kB)
Downloading openvino-2026.2.0-21903-cp313-cp313-win_amd64.whl (76.2 MB)
   ━━━━━━━━━━━━━━━━━━━━━━━━━━━━━━━━━━━━━━━━ 76.2/76.2 MB 20.2 MB/s  0:00:03
Using cached numpy-2.4.6-cp313-cp313-win_amd64.whl (12.3 MB)
Using cached openvino_telemetry-2025.2.0-py3-none-any.whl (25 kB)
Installing collected packages: openvino-telemetry, numpy, openvino
Successfully installed numpy-2.4.6 openvino-2026.2.0 openvino-telemetry-2025.2.0

(python313_venv) c:\GitHub\openvino-litert-test>
(python313_venv) c:\GitHub\openvino-litert-test>
(python313_venv) c:\GitHub\openvino-litert-test>
(python313_venv) c:\GitHub\openvino-litert-test>pip list
Package            Version   Build
------------------ --------- -----
absl-py            2.4.0
annotated-doc      0.0.4
anyio              4.13.0
certifi            2026.5.20
click              8.4.1
colorama           0.4.6
filelock           3.29.0
flatbuffers        25.12.19
fsspec             2026.4.0
h11                0.16.0
hf-xet             1.5.0
httpcore           1.0.9
httpx              0.28.1
huggingface_hub    1.17.0
idna               3.17
litert-lm          0.12.0
litert-lm-api      0.12.0
litert-lm-builder  0.12.0
markdown-it-py     4.2.0
mdurl              0.1.2
numpy              2.4.6
openvino           2026.2.0  21903
openvino-telemetry 2025.2.0
packaging          26.2
pip                26.1.1
prompt_toolkit     3.0.52
protobuf           7.35.0
Pygments           2.20.0
PyYAML             6.0.3
rich               15.0.0
shellingham        1.5.4
tomli              2.4.1
tqdm               4.67.3
typer              0.25.1
typing_extensions  4.15.0
wcwidth            0.7.0

(python313_venv) c:\GitHub\openvino-litert-test>
(python313_venv) c:\GitHub\openvino-litert-test>
(python313_venv) c:\GitHub\openvino-litert-test>
(python313_venv) c:\GitHub\openvino-litert-test>